WARNING:root:It seems that the file (Test_IV.gnuplot) is already being plotted. Exiting...
