% GNUPLOT: LaTeX picture with Postscript
\documentclass{minimal}
% Set font size
\makeatletter
\def\@ptsize{1}
\InputIfFileExists{size11.clo}{}{%
   \GenericError{(gnuplot) \space\space\space\@spaces}{%
      Gnuplot Error: File `size11.clo' not found! Could not set font size%
   }{See the gnuplot documentation for explanation.%
   }{For using a font size a file `size<fontsize>.clo' has to exist.
        Falling back ^^Jto default fontsize 10pt.}%
  \def\@ptsize{0}
  \input{size10.clo}%
}%
\makeatother
\renewcommand*\rmdefault{Times}%
% Load packages
\usepackage{graphicx}
\usepackage{color}
\makeatletter
% Select an appropriate default driver (from TeXLive graphics.cfg)
\begingroup
  \chardef\x=0 %
  % check pdfTeX
  \@ifundefined{pdfoutput}{}{%
    \ifcase\pdfoutput
    \else
      \chardef\x=1 %
    \fi
  }%
  % check VTeX
  \@ifundefined{OpMode}{}{%
    \chardef\x=2 %
  }%
\expandafter\endgroup
\ifcase\x
  % default case
  \PassOptionsToPackage{dvips}{geometry}
\or
  % pdfTeX is running in pdf mode
  \PassOptionsToPackage{pdftex}{geometry}
\else
  % VTeX is running
  \PassOptionsToPackage{vtex}{geometry}
\fi
\makeatother
% Set papersize
\usepackage[papersize={600.00bp,300.00bp},text={600.00bp,300.00bp}]{geometry}
% No page numbers and no paragraph indentation
\pagestyle{empty}
\setlength{\parindent}{0bp}%
% Load configuration file
\InputIfFileExists{gnuplot.cfg}{%
  \typeout{Using configuration file gnuplot.cfg}%
}{%
 \typeout{No configuration file gnuplot.cfg found.}%
}%
\newcommand{\ft}[0]{\footnotesize}
\begin{document}
\begingroup
  \makeatletter
  \providecommand\color[2][]{%
    \GenericError{(gnuplot) \space\space\space\@spaces}{%
      Package color not loaded in conjunction with
      terminal option `colourtext'%
    }{See the gnuplot documentation for explanation.%
    }{Either use 'blacktext' in gnuplot or load the package
      color.sty in LaTeX.}%
    \renewcommand\color[2][]{}%
  }%
  \providecommand\includegraphics[2][]{%
    \GenericError{(gnuplot) \space\space\space\@spaces}{%
      Package graphicx or graphics not loaded%
    }{See the gnuplot documentation for explanation.%
    }{The gnuplot epslatex terminal needs graphicx.sty or graphics.sty.}%
    \renewcommand\includegraphics[2][]{}%
  }%
  \providecommand\rotatebox[2]{#2}%
  \@ifundefined{ifGPcolor}{%
    \newif\ifGPcolor
    \GPcolortrue
  }{}%
  \@ifundefined{ifGPblacktext}{%
    \newif\ifGPblacktext
    \GPblacktextfalse
  }{}%
  % define a \g@addto@macro without @ in the name:
  \let\gplgaddtomacro\g@addto@macro
  % define empty templates for all commands taking text:
  \gdef\gplbacktext{}%
  \gdef\gplfronttext{}%
  \makeatother
  \ifGPblacktext
    % no textcolor at all
    \def\colorrgb#1{}%
    \def\colorgray#1{}%
  \else
    % gray or color?
    \ifGPcolor
      \def\colorrgb#1{\color[rgb]{#1}}%
      \def\colorgray#1{\color[gray]{#1}}%
      \expandafter\def\csname LTw\endcsname{\color{white}}%
      \expandafter\def\csname LTb\endcsname{\color{black}}%
      \expandafter\def\csname LTa\endcsname{\color{black}}%
      \expandafter\def\csname LT0\endcsname{\color[rgb]{1,0,0}}%
      \expandafter\def\csname LT1\endcsname{\color[rgb]{0,1,0}}%
      \expandafter\def\csname LT2\endcsname{\color[rgb]{0,0,1}}%
      \expandafter\def\csname LT3\endcsname{\color[rgb]{1,0,1}}%
      \expandafter\def\csname LT4\endcsname{\color[rgb]{0,1,1}}%
      \expandafter\def\csname LT5\endcsname{\color[rgb]{1,1,0}}%
      \expandafter\def\csname LT6\endcsname{\color[rgb]{0,0,0}}%
      \expandafter\def\csname LT7\endcsname{\color[rgb]{1,0.3,0}}%
      \expandafter\def\csname LT8\endcsname{\color[rgb]{0.5,0.5,0.5}}%
    \else
      % gray
      \def\colorrgb#1{\color{black}}%
      \def\colorgray#1{\color[gray]{#1}}%
      \expandafter\def\csname LTw\endcsname{\color{white}}%
      \expandafter\def\csname LTb\endcsname{\color{black}}%
      \expandafter\def\csname LTa\endcsname{\color{black}}%
      \expandafter\def\csname LT0\endcsname{\color{black}}%
      \expandafter\def\csname LT1\endcsname{\color{black}}%
      \expandafter\def\csname LT2\endcsname{\color{black}}%
      \expandafter\def\csname LT3\endcsname{\color{black}}%
      \expandafter\def\csname LT4\endcsname{\color{black}}%
      \expandafter\def\csname LT5\endcsname{\color{black}}%
      \expandafter\def\csname LT6\endcsname{\color{black}}%
      \expandafter\def\csname LT7\endcsname{\color{black}}%
      \expandafter\def\csname LT8\endcsname{\color{black}}%
    \fi
  \fi
    \setlength{\unitlength}{0.0500bp}%
    \ifx\gptboxheight\undefined%
      \newlength{\gptboxheight}%
      \newlength{\gptboxwidth}%
      \newsavebox{\gptboxtext}%
    \fi%
    \setlength{\fboxrule}{0.5pt}%
    \setlength{\fboxsep}{1pt}%
\begin{picture}(12000.00,6000.00)%
    \gplgaddtomacro\gplbacktext{%
      \csname LTb\endcsname%
      \put(682,704){\makebox(0,0)[r]{\strut{}$-4$}}%
      \csname LTb\endcsname%
      \put(682,1333){\makebox(0,0)[r]{\strut{}$-3$}}%
      \csname LTb\endcsname%
      \put(682,1962){\makebox(0,0)[r]{\strut{}$-2$}}%
      \csname LTb\endcsname%
      \put(682,2591){\makebox(0,0)[r]{\strut{}$-1$}}%
      \csname LTb\endcsname%
      \put(682,3220){\makebox(0,0)[r]{\strut{}$0$}}%
      \csname LTb\endcsname%
      \put(682,3848){\makebox(0,0)[r]{\strut{}$1$}}%
      \csname LTb\endcsname%
      \put(682,4477){\makebox(0,0)[r]{\strut{}$2$}}%
      \csname LTb\endcsname%
      \put(682,5106){\makebox(0,0)[r]{\strut{}$3$}}%
      \csname LTb\endcsname%
      \put(682,5735){\makebox(0,0)[r]{\strut{}$4$}}%
      \csname LTb\endcsname%
      \put(814,484){\makebox(0,0){\strut{}$-6$}}%
      \csname LTb\endcsname%
      \put(2147,484){\makebox(0,0){\strut{}$-4$}}%
      \csname LTb\endcsname%
      \put(3480,484){\makebox(0,0){\strut{}$-2$}}%
      \csname LTb\endcsname%
      \put(4813,484){\makebox(0,0){\strut{}$0$}}%
      \csname LTb\endcsname%
      \put(6146,484){\makebox(0,0){\strut{}$2$}}%
      \csname LTb\endcsname%
      \put(7479,484){\makebox(0,0){\strut{}$4$}}%
      \csname LTb\endcsname%
      \put(8812,484){\makebox(0,0){\strut{}$6$}}%
      \colorrgb{0.00,0.00,0.00}%
      \put(8944,704){\makebox(0,0)[l]{\strut{}$-1$}}%
      \colorrgb{0.00,0.00,0.00}%
      \put(8944,1263){\makebox(0,0)[l]{\strut{}$-0.5$}}%
      \colorrgb{0.00,0.00,0.00}%
      \put(8944,1822){\makebox(0,0)[l]{\strut{}$0$}}%
      \colorrgb{0.00,0.00,0.00}%
      \put(8944,2381){\makebox(0,0)[l]{\strut{}$0.5$}}%
      \colorrgb{0.00,0.00,0.00}%
      \put(8944,2940){\makebox(0,0)[l]{\strut{}$1$}}%
      \colorrgb{0.00,0.00,0.00}%
      \put(8944,3499){\makebox(0,0)[l]{\strut{}$1.5$}}%
      \colorrgb{0.00,0.00,0.00}%
      \put(8944,4058){\makebox(0,0)[l]{\strut{}$2$}}%
      \colorrgb{0.00,0.00,0.00}%
      \put(8944,4617){\makebox(0,0)[l]{\strut{}$2.5$}}%
      \colorrgb{0.00,0.00,0.00}%
      \put(8944,5176){\makebox(0,0)[l]{\strut{}$3$}}%
      \colorrgb{0.00,0.00,0.00}%
      \put(8944,5735){\makebox(0,0)[l]{\strut{}$3.5$}}%
    }%
    \gplgaddtomacro\gplfronttext{%
      \csname LTb\endcsname%
      \put(176,3219){\rotatebox{-270}{\makebox(0,0){\strut{}voltage ($\mu$V)}}}%
      \colorrgb{0.00,0.00,0.00}%
      \put(9713,3219){\rotatebox{-270}{\makebox(0,0){\strut{}$\frac {dV}{dI}$ ($k\Omega$)}}}%
      \csname LTb\endcsname%
      \put(4813,154){\makebox(0,0){\strut{}current (nA)}}%
      \put(4813,5625){\makebox(0,0){\strut{}}}%
      \csname LTb\endcsname%
      \put(11012,1034){\makebox(0,0)[r]{\strut{}voltage}}%
      \csname LTb\endcsname%
      \put(11012,814){\makebox(0,0)[r]{\strut{}$\frac {dV}{dI}$}}%
    }%
    \gplbacktext
    \put(0,0){\includegraphics{output-inc}}%
    \gplfronttext
  \end{picture}%
\endgroup
\end{document}
