---start of spiral.gnuplot---
  0 #!/usr/bin/gnuplot
  1 #
  2 # This file was generated from <TemplateReference 'gnuplot_header.template_fragment'>.
  3 #
  4 
  5 set macro
  6 
  7 figwidth = 300
  8 figheight = 300
  9 dpi = 72. # This affects only the figure size and panel placement computations,
 10           # not the actual DPI values set in the output files
 11 figwidth_in_inches = figwidth/dpi
 12 figheight_in_inches = figheight/dpi
 13 
 14 ################################################################################################
 15 # This multiplot layout code is adapted from http://www.sciencetronics.com/greenphotons/?p=570
 16 # as an alternative to "set multiplot layout rows,cols".
 17 # Original by Uwe Zimmermann, 2011 (CC BY-NC-SA 3.0).
 18 mpl_top    = 0.4 #inch  outer top margin, title goes here
 19 mpl_bot    = 0.5 #inch  outer bottom margin, x label goes here
 20 mpl_left   = 1.0 #inch  outer left margin, y label goes here
 21 mpl_right  = 0.02 #inch  outer right margin, y2 label goes here
 22 mpl_dx     = 0.05 #inch  inter-plot horizontal spacing
 23 mpl_dy     = 0.05 #inch  inter-plot vertical spacing
 24 mpl_ny     = 1   #number of rows
 25 mpl_nx     = 1   #number of columns
 26 
 27 # calculate remaining free dimensions
 28 mpl_width = ( figwidth_in_inches \
 29               - mpl_left - mpl_right \
 30               - (mpl_nx-1)*mpl_dx )/mpl_nx # width of individual plots
 31 mpl_height = ( figheight_in_inches \
 32               - mpl_top - mpl_bot \
 33               - (mpl_ny-1)*mpl_dy )/mpl_ny # height of individual plots
 34 
 35 # placement functions
 36 #   rows are numbered from bottom to top
 37 mpl_bot(n) = (mpl_bot+(n-1)*mpl_height+(n-1)*mpl_dy)/figheight_in_inches
 38 mpl_top(n)  = 1-((mpl_top+(mpl_ny-n)*(mpl_height+mpl_dy))/figheight_in_inches)
 39 #   columns are numbered from left to right
 40 mpl_left(n) = (mpl_left+(n-1)*mpl_width+(n-1)*mpl_dx)/figwidth_in_inches
 41 mpl_right(n)  = 1-((mpl_right+(mpl_nx-n)*(mpl_width+mpl_dx))/figwidth_in_inches)
 42 
 43 mpl_set_panel(row, col) = sprintf("set lmargin at screen mpl_left(%d); \
 44                                    set rmargin at screen mpl_right(%d); \
 45                                    set tmargin at screen mpl_top(%d); \
 46                                    set bmargin at screen mpl_bot(%d)", \
 47                                    col, col, row, row)
 48 
 49 # End of multiplot layout helper definitions.
 50 # To set a panel, use "eval mpl_set_panel(row, column)"
 51 ################################################################################################
 52 
 53 basefont = "Times,"
 54 
 55 baselinewidth = 1.
 56 
 57 unset multiplot
 58 
 59 
 60 pngdpi_per_screendpi = 96./72
 61 figwidthinpng = ceil(figwidth*pngdpi_per_screendpi)
 62 figheightinpng = ceil(figheight*pngdpi_per_screendpi)
 63 set terminal pngcairo size figwidthinpng,figheightinpng enhanced \
 64     font basefont linewidth baselinewidth
 65 set output "output.png"
 66 
 67 
 68 
 69 
 70 
 71 set grid
 72 
 73 
 74 set title "spiral"
 75 
 76 ###
 77 # Some common formatting
 78 ###
 79 
 80 # In the classic color theme, linetype 5 is yellow which is hard to see on a white background.
 81 set linetype 5 linecolor rgb "red"
 82 
 83 # Tick formatting
 84 #set format x "%.2g"
 85 
 86 ### Ticks ###
 87 
 88 #set xtics 12.5,2,300 # for log scale
 89 #set xtics 0,50,300 # for linear scale
 90 #set xtics add ("200" 200)
 91 #set mxtics 5
 92 set mxtics
 93 set mytics
 94 
 95 logformat = "10^{\%L}"
 96 
 97 ### For histograms ###
 98 #set boxwidth 0.025
 99 #set style fill transparent solid 0.5 noborder
100 
101 ### Annotation ###
102 
103 # basic
104 #set label "label A"  at first  30, first  60   # in data coordinates
105 
106 # more options
107 #set label "{/Arial-Bold label B}"  at graph  0.9, graph  0.72 \
108 #                                   rotate by 8 left \
109 #                                   tc rgb "#777777"
110 
111 # legend position
112 #set key out vert # place legends outside the plot area
113 #set key cent right
114 #set key left top
115 #set key above title "Legend" box 3
116 set key right bottom
117 
118 xunits = 1
119 x2units = 1
120 yunits = 1
121 y2units = 1
122 zunits = 1
123 
124 plot \
125    "vectorized_trace_59d9fa5a878d4108a579208a96bf1b78.bytes" using (column(1)/xunits):(column(2)/yunits):(column(3)/xunits):(column(4)/yunits) every ::0:0 \
126    binary format='%float64%float64%float64%float64' \
127    with vectors head filled \
128    linecolor 1 \
129    linetype 1 \
130    dashtype 1 \
131    title "" \
132    axes x1y1
133 
134 
135 
136 # Check if the qt terminal is available.
137 if (strstrt(GPVAL_TERMINALS, 'qt') > 0) interactive_terminal = "qt"; \
138 else interactive_terminal = "wxt enhanced"
139 
140 set term @interactive_terminal size figwidth,figheight title "spiral" dashed
141 # replace "dashed" with "solid" if you want to ignore "linetype"/"lt" in plot
142 
143 replot
144 bind Close "exit gnuplot"
145 
146 
---end of spiral.gnuplot---

Replotting every 1 seconds (if plot script modification time changes)...
Hit <ctrl> + C to exit.
The plot engine has terminated. Exiting.
