gnuplot_2d_stacked_image.preprocess:111 Output image size = (102, 203). x = arange(9.000000e+07, 1.700000e+09, 8.000000e+06)
